// Jest Snapshot v1, https://goo.gl/fbAQLP

exports[`Post Component 1`] = `
<article
  className="Post"
  onClick={[Function]}
>
  <h1>
    post title
  </h1>
  <div
    className="Info"
  >
    <div
      className="Author"
    >
      post author
    </div>
  </div>
</article>
`;
