// Jest Snapshot v1, https://goo.gl/fbAQLP

exports[`matches the snapshot 1`] = `
<div
  className="Button"
  data-testid="button"
>
  click me
</div>
`;
